src/navigation/AppNavigator.tsx(23,9): error TS2769: No overload matches this call.
  Overload 1 of 2, '(props: Omit<NativeStackNavigatorProps, "children" | "id" | "initialRouteName" | "layout" | "screenListeners" | "screenOptions" | "screenLayout" | "UNSTABLE_router" | "UNSTABLE_routeNamesChangeBehavior"> & DefaultRouterOptions<...> & ({ ...; } & ({ ...; } | { ...; })), context?: any): string | ... 8 more ... | undefined', gave the following error.
    Object literal may only specify known properties, and 'headerBackTitleVisible' does not exist in type 'NativeStackNavigationOptions | ((props: { route: RouteProp<RootStackParamList, keyof RootStackParamList>; navigation: NativeStackNavigationProp<...> | ... 6 more ... | NativeStackNavigationProp<...>; theme: Theme; }) => NativeStackNavigationOptions)'.
  Overload 2 of 2, '(props: Omit<NativeStackNavigatorProps, "children" | "id" | "initialRouteName" | "layout" | "screenListeners" | "screenOptions" | "screenLayout" | "UNSTABLE_router" | "UNSTABLE_routeNamesChangeBehavior"> & DefaultRouterOptions<...> & ({ ...; } & ({ ...; } | { ...; }))): string | ... 8 more ... | undefined', gave the following error.
    Object literal may only specify known properties, and 'headerBackTitleVisible' does not exist in type 'NativeStackNavigationOptions | ((props: { route: RouteProp<RootStackParamList, keyof RootStackParamList>; navigation: NativeStackNavigationProp<...> | ... 6 more ... | NativeStackNavigationProp<...>; theme: Theme; }) => NativeStackNavigationOptions)'.
src/services/messageService.ts(139,35): error TS2345: Argument of type 'number' is not assignable to parameter of type 'string'.
